fabulous!
fabulous!
fabulous!
fabulous!
fabulous!
